XLOC_000024	XLOC_000024	-	Chr3:88230-89302	q1	q2	OK	5532.85	5529.55	-0.00087	-0.0027	0.99	0.99	no
XLOC_000024	XLOC_000024	-	Chr3:88230-89302	q1	q3	OK	5532.85	5544.3	-0.023	-0.07	0.9	0.99	no
XLOC_000024	XLOC_000024	-	Chr3:88230-89302	q2	q3	OK	5529.55	5544.3	-0.022	-0.07	0.9	0.99	no
